"test","rps","avg_latency_ms","min_latency_ms","p50_latency_ms","p95_latency_ms","p99_latency_ms","max_latency_ms"
"SET","139082.06","0.188","0.040","0.167","0.295","0.735","2.215"
"GET","136986.30","0.187","0.048","0.183","0.247","0.391","0.887"
